Microchip MPLAB XC8 Compiler V1.34 ()

Linker command line:

-W-3 --edf=C:\Program Files (x86)\Microchip\xc8\v1.34\dat\en_msgs.txt -cs \
  -h+dist/default/production\Lab_Final.X.production.sym \
  --cmf=dist/default/production\Lab_Final.X.production.cmf -z -Q18F4620 \
  -oC:\Users\Win7\AppData\Local\Temp\s63k.6 \
  -Mdist/default/production/Lab_Final.X.production.map -E1 -ver=XC8 \
  -ASTACK=011Fh-0f7fh -pstack=STACK -ACODE=00h-0FFFFh -ACONST=00h-0FFFFh \
  -ASMALLCONST=01000h-010FFhx240 -AMEDIUMCONST=01000h-0FFFFh \
  -ACOMRAM=01h-07Fh -AABS1=00h-0F7Fh -ABIGRAM=01h-0F7Fh \
  -ARAM=080h-0FFh,0100h-01FFhx14,0F00h-0F7Fh -ABANK0=080h-0FFh \
  -ABANK1=0100h-01FFh -ABANK2=0200h-02FFh -ABANK3=0300h-03FFh \
  -ABANK4=0400h-04FFh -ABANK5=0500h-05FFh -ABANK6=0600h-06FFh \
  -ABANK7=0700h-07FFh -ABANK8=0800h-08FFh -ABANK9=0900h-09FFh \
  -ABANK10=0A00h-0AFFh -ABANK11=0B00h-0BFFh -ABANK12=0C00h-0CFFh \
  -ABANK13=0D00h-0DFFh -ABANK14=0E00h-0EFFh -ABANK15=0F00h-0F7Fh \
  -ASFR=0F80h-0FFFh \
  -preset_vec=00h,intcode=08h,intcodelo,powerup,init,end_init \
  -pramtop=01000h -psmallconst=SMALLCONST -pmediumconst=MEDIUMCONST \
  -pconst=CONST -AFARRAM=00h-00h -ACONFIG=0300000h-030000Dh -pconfig=CONFIG \
  -AIDLOC=0200000h-0200007h -pidloc=IDLOC -AEEDATA=0F00000h-0F003FFh \
  -peeprom_data=EEDATA \
  -prdata=COMRAM,nvrram=COMRAM,nvbit=COMRAM,rbss=COMRAM,rbit=COMRAM \
  -pfarbss=FARRAM,fardata=FARRAM,nvFARRAM=FARRAM \
  -pintsave_regs=BIGRAM,bigbss=BIGRAM,bigdata=BIGRAM -pbss=RAM \
  -pidata=CODE,irdata=CODE,ibigdata=CODE,ifardata=CODE -prparam=COMRAM \
  C:\Users\Win7\AppData\Local\Temp\s63k.obj \
  dist/default/production\Lab_Final.X.production.obj 

Object code version is 3.11

Machine type is 18F4620

Call graph: (short form)




                Name                               Link     Load   Length Selector   Space Scale
C:\Users\Win7\AppData\Local\Temp\s63k.obj
                end_init                             18       18        4        4       0
                reset_vec                             0        0        4        0       0
                idloc                            200000   200000        8   200000       0
                config                           300000   300000        E   300000       0
dist/default/production\Lab_Final.X.production.obj
                intcode                               8        8       10        4       0
                mediumconst                        FC30     FC30      3D0     7E18       0
                text100                            3758     3758       1A     1B59       0
                text99                             373E     373E       1A     1B59       0
                text98                             3724     3724       1A     1B59       0
                text97                             36D0     36D0       1E     1B59       0
                intcode_body                       29EE     29EE       90        4       0
                text95                             387E     387E        C     1B59       0
                text94                             38B8     38B8        8     1B59       0
                text93                             38B0     38B0        8     1B59       0
                text92                             389E     389E        A     1B59       0
                text91                             3824     3824       12     1B59       0
                text90                             3812     3812       12     1B59       0
                text89                             3348     3348       3E     1784       0
                text88                             370A     370A       1A     1B59       0
                text87                             3672     3672       20     1784       0
                text86                             36B2     36B2       1E     1B59       0
                text85                             3894     3894        A     1B59       0
                text84                             3864     3864        E     1B59       0
                text83                             379E     379E       16     1B59       0
                text82                             3788     3788       16     1B59       0
                text81                             2D02     2D02       70        4       0
                text80                             37C8     37C8       14     1B59       0
                text79                             323A     323A       4A     1784       0
                text78                             3772     3772       16     1B59       0
                text77                             3800     3800       12     1B59       0
                text76                             388A     388A        A     1B59       0
                text75                             3284     3284       48     1784       0
                text74                             31A4     31A4       4C     1784       0
                text73                             2E42     2E42       64        4       0
                text72                             2958     2958       96        4       0
                text71                             2B90     2B90       82        4       0
                text70                             2F64     2F64       58     1784       0
                text69                             2C8C     2C8C       76        4       0
                text68                             3578     3578       28     1784       0
                text67                             30B8     30B8       52     1784       0
                text66                             37EE     37EE       12     1B59       0
                text65                             37B4     37B4       14     1B59       0
                text64                             3846     3846       10     1B59       0
                text63                             3836     3836       10     1B59       0
                text62                             1B28     1B28      110        4       0
                text61                             330A     330A       3E     1784       0
                text60                             1D30     1D30       F2        4       0
                text59                             3526     3526       2A     1784       0
                text58                             310A     310A       4E     1784       0
                text57                             34C8     34C8       30     1784       0
                text56                             1330     1330      1AE        4       0
                text55                             2B08     2B08       88        4       0
                text54                             31F0     31F0       4A     1784       0
                text53                             167A     167A      156        4       0
                text52                             32CC     32CC       3E     1784       0
                text51                             18FC     18FC      118        4       0
                text50                             229C     229C       DC        4       0
                text49                             36EE     36EE       1C     1B59       0
                text48                             3466     3466       32     1784       0
                text47                              67E      67E      3F0        4       0
                text46                             1E22     1E22       EA        4       0
                text45                             2516     2516       CE        4       0
                text44                              FB8      FB8      1C0        4       0
                text43                             3498     3498       30     1784       0
                text42                             2F08     2F08       5C     1784       0
                text41                             3158     3158       4C     1784       0
                text40                             3630     3630       22     1784       0
                text39                             3856     3856        E     1B59       0
                text38                              A6E      A6E      35A        4       0
                text37                             1178     1178      1B8        4       0
                text36                             2378     2378       D0        4       0
                text35                             28C2     28C2       96        4       0
                text34                             2824     2824       9E        4       0
                text33                             2A7E     2A7E       8A        4       0
                text32                             17D0     17D0      12C        4       0
                text31                             14DE     14DE      19C        4       0
                text30                              DC8      DC8      1F0        4       0
                text29                             360E     360E       22     1784       0
                text28                             33C2     33C2       3C     1784       0
                text27                             1F0C     1F0C       E8        4       0
                text26                             25E4     25E4       C6        4       0
                text25                             20DA     20DA       E2        4       0
                text24                             1C38     1C38       F8        4       0
                text23                             1FF4     1FF4       E6        4       0
                text22                             35C6     35C6       26     1784       0
                text21                             26AA     26AA       C2        4       0
                text20                             3550     3550       28     1784       0
                text19                             2FBC     2FBC       56     1784       0
                text18                             34F8     34F8       2E     1784       0
                text17                             37DC     37DC       12     1B59       0
                text16                             3434     3434       32     1784       0
                text15                             3652     3652       20     1784       0
                text14                             276C     276C       B8        4       0
                text13                             3012     3012       54     1784       0
                text12                             3066     3066       52     1784       0
                text11                             38A8     38A8        8     1B59       0
                text10                             2D72     2D72       6C        4       0
                text9                                1C       1C      662        4       0
                text8                              2448     2448       CE        4       0
                text7                              3386     3386       3C     1784       0
                text6                              35A0     35A0       26     1784       0
                text5                              2DDE     2DDE       64        4       0
                text4                              1A14     1A14      114        4       0
                text3                              35EC     35EC       22     1784       0
                text2                              3872     3872        C     1B59       0
                text1                              21BC     21BC       E0        4       0
                text0                              33FE     33FE       36     1784       0
                cstackCOMRAM                          1        1       3D        1       1
                cstackBANK0                          E1       E1        F       80       1
                dataBANK1                           100      100       1F      100       1
                dataBANK0                            80       80       61       80       1
                bssBANK0                             F0       F0        8       80       1
                dataCOMRAM                           6F       6F        2        1       1
                bssCOMRAM                            3E       3E       31        1       1
                cinit                              2C12     2C12       7A        4       0
                idataBANK1                         3692     3692       1F     1784       0
                idataBANK0                         2EA6     2EA6       61        4       0
                idataCOMRAM                        38C0     38C0        2     1B59       0

TOTAL           Name                               Link     Load   Length     Space
        CLASS   STACK          

        CLASS   CODE           
                end_init                             18       18        4         0
                intcode                               8        8       10         0
                reset_vec                             0        0        4         0
                text100                            3758     3758       1A         0
                text99                             373E     373E       1A         0
                text98                             3724     3724       1A         0
                text97                             36D0     36D0       1E         0
                intcode_body                       29EE     29EE       90         0
                text95                             387E     387E        C         0
                text94                             38B8     38B8        8         0
                text93                             38B0     38B0        8         0
                text92                             389E     389E        A         0
                text91                             3824     3824       12         0
                text90                             3812     3812       12         0
                text89                             3348     3348       3E         0
                text88                             370A     370A       1A         0
                text87                             3672     3672       20         0
                text86                             36B2     36B2       1E         0
                text85                             3894     3894        A         0
                text84                             3864     3864        E         0
                text83                             379E     379E       16         0
                text82                             3788     3788       16         0
                text81                             2D02     2D02       70         0
                text80                             37C8     37C8       14         0
                text79                             323A     323A       4A         0
                text78                             3772     3772       16         0
                text77                             3800     3800       12         0
                text76                             388A     388A        A         0
                text75                             3284     3284       48         0
                text74                             31A4     31A4       4C         0
                text73                             2E42     2E42       64         0
                text72                             2958     2958       96         0
                text71                             2B90     2B90       82         0
                text70                             2F64     2F64       58         0
                text69                             2C8C     2C8C       76         0
                text68                             3578     3578       28         0
                text67                             30B8     30B8       52         0
                text66                             37EE     37EE       12         0
                text65                             37B4     37B4       14         0
                text64                             3846     3846       10         0
                text63                             3836     3836       10         0
                text62                             1B28     1B28      110         0
                text61                             330A     330A       3E         0
                text60                             1D30     1D30       F2         0
                text59                             3526     3526       2A         0
                text58                             310A     310A       4E         0
                text57                             34C8     34C8       30         0
                text56                             1330     1330      1AE         0
                text55                             2B08     2B08       88         0
                text54                             31F0     31F0       4A         0
                text53                             167A     167A      156         0
                text52                             32CC     32CC       3E         0
                text51                             18FC     18FC      118         0
                text50                             229C     229C       DC         0
                text49                             36EE     36EE       1C         0
                text48                             3466     3466       32         0
                text47                              67E      67E      3F0         0
                text46                             1E22     1E22       EA         0
                text45                             2516     2516       CE         0
                text44                              FB8      FB8      1C0         0
                text43                             3498     3498       30         0
                text42                             2F08     2F08       5C         0
                text41                             3158     3158       4C         0
                text40                             3630     3630       22         0
                text39                             3856     3856        E         0
                text38                              A6E      A6E      35A         0
                text37                             1178     1178      1B8         0
                text36                             2378     2378       D0         0
                text35                             28C2     28C2       96         0
                text34                             2824     2824       9E         0
                text33                             2A7E     2A7E       8A         0
                text32                             17D0     17D0      12C         0
                text31                             14DE     14DE      19C         0
                text30                              DC8      DC8      1F0         0
                text29                             360E     360E       22         0
                text28                             33C2     33C2       3C         0
                text27                             1F0C     1F0C       E8         0
                text26                             25E4     25E4       C6         0
                text25                             20DA     20DA       E2         0
                text24                             1C38     1C38       F8         0
                text23                             1FF4     1FF4       E6         0
                text22                             35C6     35C6       26         0
                text21                             26AA     26AA       C2         0
                text20                             3550     3550       28         0
                text19                             2FBC     2FBC       56         0
                text18                             34F8     34F8       2E         0
                text17                             37DC     37DC       12         0
                text16                             3434     3434       32         0
                text15                             3652     3652       20         0
                text14                             276C     276C       B8         0
                text13                             3012     3012       54         0
                text12                             3066     3066       52         0
                text11                             38A8     38A8        8         0
                text10                             2D72     2D72       6C         0
                text9                                1C       1C      662         0
                text8                              2448     2448       CE         0
                text7                              3386     3386       3C         0
                text6                              35A0     35A0       26         0
                text5                              2DDE     2DDE       64         0
                text4                              1A14     1A14      114         0
                text3                              35EC     35EC       22         0
                text2                              3872     3872        C         0
                text1                              21BC     21BC       E0         0
                text0                              33FE     33FE       36         0
                cinit                              2C12     2C12       7A         0
                idataBANK1                         3692     3692       1F         0
                idataBANK0                         2EA6     2EA6       61         0
                idataCOMRAM                        38C0     38C0        2         0

        CLASS   CONST          

        CLASS   SMALLCONST     

        CLASS   MEDIUMCONST    
                mediumconst                        FC30     FC30      3D0         0

        CLASS   COMRAM         
                cstackCOMRAM                          1        1       3D         1
                dataCOMRAM                           6F       6F        2         1
                bssCOMRAM                            3E       3E       31         1

        CLASS   ABS1           

        CLASS   BIGRAM         

        CLASS   RAM            

        CLASS   BANK0          
                cstackBANK0                          E1       E1        F         1
                dataBANK0                            80       80       61         1
                bssBANK0                             F0       F0        8         1

        CLASS   BANK1          
                dataBANK1                           100      100       1F         1

        CLASS   BANK2          

        CLASS   BANK3          

        CLASS   BANK4          

        CLASS   BANK5          

        CLASS   BANK6          

        CLASS   BANK7          

        CLASS   BANK8          

        CLASS   BANK9          

        CLASS   BANK10         

        CLASS   BANK11         

        CLASS   BANK12         

        CLASS   BANK13         

        CLASS   BANK14         

        CLASS   BANK15         

        CLASS   SFR            

        CLASS   FARRAM         

        CLASS   CONFIG         
                config                           300000   300000        E         0

        CLASS   IDLOC          
                idloc                            200000   200000        8         0

        CLASS   EEDATA         



SEGMENTS        Name                           Load    Length   Top    Selector   Space  Class

                reset_vec                      000000  000004  000004         0       0  CODE    
                cstackCOMRAM                   000001  000070  000071         1       1  COMRAM  
                intcode                        000008  002EFF  002F07         4       0  CODE    
                dataBANK0                      000080  000078  0000F8        80       1  BANK0   
                dataBANK1                      000100  00001F  00011F       100       1  BANK1   
                text42                         002F08  0007A9  0036B1      1784       0  CODE    
                text86                         0036B2  000210  0038C2      1B59       0  CODE    
                mediumconst                    00FC30  0003D0  010000      7E18       0  MEDIUMCO
                idloc                          200000  000008  200008    200000       0  IDLOC   
                config                         300000  00000E  30000E    300000       0  CONFIG  


UNUSED ADDRESS RANGES

        Name                Unused          Largest block    Delta
        BANK0            0000F8-0000FF                8
        BANK1            00011F-0001FF               E1
        BANK10           000A00-000AFF              100
        BANK11           000B00-000BFF              100
        BANK12           000C00-000CFF              100
        BANK13           000D00-000DFF              100
        BANK14           000E00-000EFF              100
        BANK15           000F00-000F7F               80
        BANK2            000200-0002FF              100
        BANK3            000300-0003FF              100
        BANK4            000400-0004FF              100
        BANK5            000500-0005FF              100
        BANK6            000600-0006FF              100
        BANK7            000700-0007FF              100
        BANK8            000800-0008FF              100
        BANK9            000900-0009FF              100
        BIGRAM           000071-00007F                F
                         0000F8-0000FF                8
                         00011F-000F7F              E61
        CODE             000004-000007                4
                         002F07-002F07                1
                         0036B1-0036B1                1
                         0038C2-00FC2F             C36E
        COMRAM           000071-00007F                F
        CONST            000004-000007                4
                         002F07-002F07                1
                         0036B1-0036B1                1
                         0038C2-00FC2F             C36E
        EEDATA           F00000-F003FF              400
        MEDIUMCONST      002F07-002F07                1
                         0036B1-0036B1                1
                         0038C2-00FC2F             C36E
        RAM              0000F8-0000FF                8
                         00011F-000F7F              100
        SFR              000F80-000FFF               80
        SMALLCONST       002F07-002F07                1
                         0036B1-0036B1                1
                         0038C2-00FC2F              100
        STACK            00011F-000F7F              E61

                                  Symbol Table

?_DS1621_Read_Temp                           cstackCOMRAM 000013
?___awdiv                                    cstackCOMRAM 000025
?___awmod                                    cstackCOMRAM 00001F
?___awtoft                                   cstackCOMRAM 000018
?___ftdiv                                    cstackCOMRAM 00002B
?___ftmul                                    cstackCOMRAM 00001C
?___ftpack                                   cstackCOMRAM 000010
?___fttol                                    cstackCOMRAM 000010
?___lbtoft                                   cstackCOMRAM 000018
?___lwdiv                                    cstackCOMRAM 000010
?___lwmod                                    cstackCOMRAM 000017
?___wmul                                     cstackCOMRAM 000010
?_bcd_2_dec                                  cstackCOMRAM 000010
?_dec_2_bcd                                  cstackCOMRAM 00002D
?_get_RPM                                    cstackCOMRAM 000016
?_get_duty_cycle                             cstackCOMRAM 000010
?_get_full_ADC                               cstackCOMRAM 000010
?_printf                                     cstackCOMRAM 00001C
?_read_volt                                  cstackCOMRAM 00003A
?_strlen                                     cstackCOMRAM 000010
DS1621_Init@Device                           cstackCOMRAM 000015
DS1621_Read_Temp@Cmd                         cstackCOMRAM 000016
DS1621_Read_Temp@Data_Ret                    cstackCOMRAM 000015
DS1621_Read_Temp@Device                      cstackCOMRAM 000017
DS3231_Init@Address_7                        cstackCOMRAM 000016
DS3231_Init@Address_E                        cstackCOMRAM 000017
DS3231_Init@Device                           cstackCOMRAM 000019
DS3231_Init@control_E                        cstackCOMRAM 000018
DS3231_Read_Alarm_Time@Address               cstackCOMRAM 000013
DS3231_Read_Alarm_Time@Device                cstackCOMRAM 000014
DS3231_Read_Time@Address                     cstackCOMRAM 000013
DS3231_Read_Time@Device                      cstackCOMRAM 000014
DS3231_Turn_Off_Alarm@Address_E              cstackCOMRAM 00001A
DS3231_Turn_Off_Alarm@Address_F              cstackCOMRAM 00001B
DS3231_Turn_Off_Alarm@Device                 cstackCOMRAM 00001E
DS3231_Turn_Off_Alarm@control_E              cstackCOMRAM 00001C
DS3231_Turn_Off_Alarm@control_F              cstackCOMRAM 00001D
DS3231_Turn_On_Alarm@Address_E               cstackCOMRAM 00001A
DS3231_Turn_On_Alarm@Address_F               cstackCOMRAM 00001B
DS3231_Turn_On_Alarm@Device                  cstackCOMRAM 00001E
DS3231_Turn_On_Alarm@control_E               cstackCOMRAM 00001C
DS3231_Turn_On_Alarm@control_F               cstackCOMRAM 00001D
DS3231_Write_Alarm_Time@Address              cstackCOMRAM 000035
DS3231_Write_Alarm_Time@Device               cstackCOMRAM 000034
DS3231_Write_Time@Address                    cstackCOMRAM 000035
DS3231_Write_Time@Device                     cstackCOMRAM 000034
I2C_Init@c                                   cstackCOMRAM 000010
I2C_Read@ack                                 cstackCOMRAM 000010
I2C_Read@inByte                              cstackCOMRAM 000012
I2C_Read@n                                   cstackCOMRAM 000011
I2C_Write@n                                  cstackCOMRAM 000011
I2C_Write@outByte                            cstackCOMRAM 000010
I2C_Write_Address_Read_One_Byte@Address      cstackCOMRAM 000013
I2C_Write_Address_Read_One_Byte@Data_Ret     cstackCOMRAM 000014
I2C_Write_Address_Read_One_Byte@Device       cstackCOMRAM 000015
I2C_Write_Address_Write_One_Byte@Address     cstackCOMRAM 000012
I2C_Write_Address_Write_One_Byte@Data_Out    cstackCOMRAM 000013
I2C_Write_Address_Write_One_Byte@Device      cstackCOMRAM 000014
I2C_Write_Cmd_Only@Cmd                       cstackCOMRAM 000012
I2C_Write_Cmd_Only@Device                    cstackCOMRAM 000013
I2C_Write_Cmd_Write_Data@Cmd                 cstackCOMRAM 000012
I2C_Write_Cmd_Write_Data@Data_Out            cstackCOMRAM 000013
I2C_Write_Cmd_Write_Data@Device              cstackCOMRAM 000014
OpenUSART@config                             cstackCOMRAM 000012
OpenUSART@spbrg                              cstackCOMRAM 000010
Set_RGB_Color@color                          cstackCOMRAM 000010
Setup_Alarm_Time@Key_Dn_Flag                 cstackCOMRAM 00003C
Setup_Alarm_Time@Key_Next_Flag               cstackCOMRAM 00003A
Setup_Alarm_Time@Key_Up_Flag                 cstackCOMRAM 00003B
Setup_Alarm_Time@Select_Field                cstackCOMRAM 00003D
Setup_Temp_Fan@Key_Dn_Flag                   cstackCOMRAM 00003C
Setup_Temp_Fan@Key_Up_Flag                   cstackCOMRAM 00003B
Setup_Temp_Fan@Select_Field                  cstackCOMRAM 00003A
Setup_Time@Key_Dn_Flag                       cstackCOMRAM 00003C
Setup_Time@Key_Next_Flag                     cstackCOMRAM 00003A
Setup_Time@Key_Up_Flag                       cstackCOMRAM 00003B
Setup_Time@Select_Field                      cstackCOMRAM 00003D
Update_Screen@neg_tempF                      cstackCOMRAM 00003C
Update_Setup_Screen_Cursor@cursor_position   cstackCOMRAM 00002D
Update_Setup_Screen_Cursor@xinc              cstackCOMRAM 00002F
Update_Setup_Screen_Cursor@yinc              cstackCOMRAM 00002E
_ADCON0                                      (abs)        000FC2
_ADCON0bits                                  (abs)        000FC2
_ADCON1                                      (abs)        000FC1
_ADCON2                                      (abs)        000FC0
_ADRESH                                      (abs)        000FC4
_ADRESL                                      (abs)        000FC3
_ALARMEN                                     bssCOMRAM    000041
_Activate_Buzzer                             text17       0037DC
_Alarm_SW_Txt                                dataBANK0    0000CB
_CCP1CON                                     (abs)        000FBD
_CCP2CON                                     (abs)        000FBA
_CCPR1L                                      (abs)        000FBE
_CCPR2L                                      (abs)        000FBB
_DC_Txt                                      dataBANK0    0000CF
_DS1621_Init                                 text86       0036B2
_DS1621_Read_Temp                            text28       0033C2
_DS1621_tempC                                bssCOMRAM    00006D
_DS1621_tempF                                bssCOMRAM    000043
_DS3231_Init                                 text14       00276C
_DS3231_Read_Alarm_Time                      text74       0031A4
_DS3231_Read_Time                            text73       002E42
_DS3231_Turn_Off_Alarm                       text13       003012
_DS3231_Turn_On_Alarm                        text12       003066
_DS3231_Write_Alarm_Time                     text69       002C8C
_DS3231_Write_Time                           text33       002A7E
_Deactivate_Buzzer                           text11       0038A8
_Do_Init                                     text79       00323A
_Do_Setup                                    text29       00360E
_FANEN                                       bssCOMRAM    000045
_Fan_SW_Txt                                  dataBANK0    0000D3
_Fan_Set_Temp_Txt                            dataBANK0    0000BC
_Get_Temp                                    text27       001F0C
_I2C_Init                                    text85       003894
_I2C_ReStart                                 text78       003772
_I2C_Read                                    text75       003284
_I2C_Start                                   text91       003824
_I2C_Stop                                    text90       003812
_I2C_Write                                   text89       003348
_I2C_Write_Address_Read_One_Byte             text16       003434
_I2C_Write_Address_Write_One_Byte            text15       003652
_I2C_Write_Cmd_Only                          text88       00370A
_I2C_Write_Cmd_Write_Data                    text87       003672
_INT0_ISR                                    text100      003758
_INT0_flag                                   bssCOMRAM    000047
_INT1_ISR                                    text99       00373E
_INT1_flag                                   bssCOMRAM    000049
_INT2_ISR                                    text98       003724
_INT2_flag                                   bssCOMRAM    00004B
_INTCON2bits                                 (abs)        000FF1
_INTCON3bits                                 (abs)        000FF0
_INTCONbits                                  (abs)        000FF2
_Init_ADC                                    text84       003864
_Init_IO                                     text83       00379E
_Init_Interrupt                              text82       003788
_Initialize_Screen                           text47       00067E
_Initialize_Setup_Alarm_Time_Screen          text46       001E22
_Initialize_Setup_Fan_Screen                 text36       002378
_Initialize_Setup_Time_Screen                text32       0017D0
_LCD_Reset                                   text66       0037EE
_MATCHED                                     bssBANK0     0000F0
_Main_Screen                                 text1        0021BC
_Monitor_Fan                                 text18       0034F8
_OSCCON                                      (abs)        000FD3
_OpenUSART                                   text81       002D02
_PIE1bits                                    (abs)        000F9D
_PIR1bits                                    (abs)        000F9E
_PIR2bits                                    (abs)        000FA1
_PORTAbits                                   (abs)        000F80
_PORTBbits                                   (abs)        000F81
_PORTDbits                                   (abs)        000F83
_PORTEbits                                   (abs)        000F84
_PR2                                         (abs)        000FCB
_RBPU                                        (abs)        007F8F
_RCSTA                                       (abs)        000FAB
_RCSTAbits                                   (abs)        000FAB
_RPM_Txt                                     dataBANK0    0000C1
_RTC_ALARM_Txt                               dataBANK0    0000DF
_Rcmd1                                       text62       001B28
_Rcmd2red                                    text61       00330A
_Rcmd3                                       text60       001D30
_SPBRG                                       (abs)        000FAF
_SPBRGH                                      (abs)        000FB0
_SSPBUF                                      (abs)        000FC9
_SSPCON1                                     (abs)        000FC6
_SSPSTAT                                     (abs)        000FC7
_SSPSTATbits                                 (abs)        000FC7
_Set_RGB_Color                               text10       002D72
_Setup_Alarm_Time                            text37       001178
_Setup_Temp_Fan                              text34       002824
_Setup_Time                                  text30       000DC8
_T0CON                                       (abs)        000FD5
_T0CONbits                                   (abs)        000FD5
_T0_ISR                                      text97       0036D0
_T1CON                                       (abs)        000FCD
_T2CON                                       (abs)        000FCA
_T3CON                                       (abs)        000FB1
_T3CONbits                                   (abs)        000FB1
_TFT_GreenTab_Initialize                     text59       003526
_TMR0H                                       (abs)        000FD7
_TMR0L                                       (abs)        000FD6
_TMR1L                                       (abs)        000FCE
_TRISA                                       (abs)        000F92
_TRISB                                       (abs)        000F93
_TRISC                                       (abs)        000F94
_TRISCbits                                   (abs)        000F94
_TRISD                                       (abs)        000F95
_TRISDbits                                   (abs)        000F95
_TRISE                                       (abs)        000F96
_TRMT                                        (abs)        007D61
_TXREG                                       (abs)        000FAD
_TXSTA                                       (abs)        000FAC
_TXSTAbits                                   (abs)        000FAC
_Tach_cnt                                    bssBANK0     0000F2
_Test_Alarm                                  text4        001A14
_Turn_Off_Fan                                text3        0035EC
_Turn_On_Fan                                 text2        003872
_Update_Screen                               text9        00001C
_Update_Setup_Alarm_Time_Screen              text45       002516
_Update_Setup_Fan_Screen                     text35       0028C2
_Update_Setup_Screen_Cursor                  text44       000FB8
_Update_Setup_Time_Screen                    text31       0014DE
_Volt_Txt                                    dataBANK0    0000B6
__CFG_BOREN$OFF                              (abs)        000000
__CFG_CCP2MX$PORTBE                          (abs)        000000
__CFG_LVP$OFF                                (abs)        000000
__CFG_OSC$INTIO67                            (abs)        000000
__CFG_WDT$OFF                                (abs)        000000
__HRAM                                       (abs)        000000
__Habs1                                      abs1         000000
__Hbank0                                     bank0        000000
__Hbank1                                     bank1        000000
__Hbank10                                    bank10       000000
__Hbank11                                    bank11       000000
__Hbank12                                    bank12       000000
__Hbank13                                    bank13       000000
__Hbank14                                    bank14       000000
__Hbank15                                    bank15       000000
__Hbank2                                     bank2        000000
__Hbank3                                     bank3        000000
__Hbank4                                     bank4        000000
__Hbank5                                     bank5        000000
__Hbank6                                     bank6        000000
__Hbank7                                     bank7        000000
__Hbank8                                     bank8        000000
__Hbank9                                     bank9        000000
__Hbigbss                                    bigbss       000000
__Hbigdata                                   bigdata      000000
__Hbigram                                    bigram       000000
__Hbss                                       bss          000000
__HbssBANK0                                  bssBANK0     000000
__HbssCOMRAM                                 bssCOMRAM    000000
__Hcinit                                     cinit        000000
__Hclrtext                                   clrtext      000000
__Hcomram                                    comram       000000
__Hconfig                                    config       30000E
__Hconst                                     const        000000
__HcstackBANK0                               cstackBANK0  000000
__HcstackCOMRAM                              cstackCOMRAM 000000
__Hdata                                      data         000000
__HdataBANK0                                 dataBANK0    000000
__HdataBANK1                                 dataBANK1    000000
__HdataCOMRAM                                dataCOMRAM   000000
__Heeprom_data                               eeprom_data  000000
__Hend_init                                  end_init     00001C
__Hfarbss                                    farbss       000000
__Hfardata                                   fardata      000000
__Hibigdata                                  ibigdata     000000
__Hidata                                     idata        000000
__HidataBANK0                                idataBANK0   000000
__HidataBANK1                                idataBANK1   000000
__HidataCOMRAM                               idataCOMRAM  000000
__Hidloc                                     idloc        200008
__Hifardata                                  ifardata     000000
__Hinit                                      init         000018
__Hintcode                                   intcode      000018
__Hintcode_body                              intcode_body 000000
__Hintcodelo                                 intcodelo    000018
__Hintentry                                  intentry     000000
__Hintret                                    intret       000000
__Hintsave_regs                              intsave_regs 000000
__Hirdata                                    irdata       000000
__Hmediumconst                               mediumconst  010000
__HnvFARRAM                                  nvFARRAM     000000
__Hnvbit                                     nvbit        000000
__Hnvrram                                    nvrram       000000
__Hparam                                     rparam       000000
__Hpowerup                                   powerup      000018
__Hram                                       ram          000000
__Hramtop                                    ramtop       001000
__Hrbit                                      rbit         000000
__Hrbss                                      rbss         000000
__Hrdata                                     rdata        000000
__Hreset_vec                                 reset_vec    000004
__Hrparam                                    rparam       000000
__Hsfr                                       sfr          000000
__Hsmallconst                                smallconst   000000
__Hspace_0                                   (abs)        30000E
__Hspace_1                                   (abs)        00011F
__Hspace_2                                   (abs)        000000
__Hstack                                     stack        000000
__Hstruct                                    struct       000000
__Htemp                                      temp         000000
__Htext                                      text         000000
__Htext0                                     text0        000000
__Htext1                                     text1        000000
__Htext10                                    text10       000000
__Htext100                                   text100      000000
__Htext11                                    text11       000000
__Htext12                                    text12       000000
__Htext13                                    text13       000000
__Htext14                                    text14       000000
__Htext15                                    text15       000000
__Htext16                                    text16       000000
__Htext17                                    text17       000000
__Htext18                                    text18       000000
__Htext19                                    text19       000000
__Htext2                                     text2        000000
__Htext20                                    text20       000000
__Htext21                                    text21       000000
__Htext22                                    text22       000000
__Htext23                                    text23       000000
__Htext24                                    text24       000000
__Htext25                                    text25       000000
__Htext26                                    text26       000000
__Htext27                                    text27       000000
__Htext28                                    text28       000000
__Htext29                                    text29       000000
__Htext3                                     text3        000000
__Htext30                                    text30       000000
__Htext31                                    text31       000000
__Htext32                                    text32       000000
__Htext33                                    text33       000000
__Htext34                                    text34       000000
__Htext35                                    text35       000000
__Htext36                                    text36       000000
__Htext37                                    text37       000000
__Htext38                                    text38       000000
__Htext39                                    text39       000000
__Htext4                                     text4        000000
__Htext40                                    text40       000000
__Htext41                                    text41       000000
__Htext42                                    text42       000000
__Htext43                                    text43       000000
__Htext44                                    text44       000000
__Htext45                                    text45       000000
__Htext46                                    text46       000000
__Htext47                                    text47       000000
__Htext48                                    text48       000000
__Htext49                                    text49       000000
__Htext5                                     text5        000000
__Htext50                                    text50       000000
__Htext51                                    text51       000000
__Htext52                                    text52       000000
__Htext53                                    text53       000000
__Htext54                                    text54       000000
__Htext55                                    text55       000000
__Htext56                                    text56       000000
__Htext57                                    text57       000000
__Htext58                                    text58       000000
__Htext59                                    text59       000000
__Htext6                                     text6        000000
__Htext60                                    text60       000000
__Htext61                                    text61       000000
__Htext62                                    text62       000000
__Htext63                                    text63       000000
__Htext64                                    text64       000000
__Htext65                                    text65       000000
__Htext66                                    text66       000000
__Htext67                                    text67       000000
__Htext68                                    text68       000000
__Htext69                                    text69       000000
__Htext7                                     text7        000000
__Htext70                                    text70       000000
__Htext71                                    text71       000000
__Htext72                                    text72       000000
__Htext73                                    text73       000000
__Htext74                                    text74       000000
__Htext75                                    text75       000000
__Htext76                                    text76       000000
__Htext77                                    text77       000000
__Htext78                                    text78       000000
__Htext79                                    text79       000000
__Htext8                                     text8        000000
__Htext80                                    text80       000000
__Htext81                                    text81       000000
__Htext82                                    text82       000000
__Htext83                                    text83       000000
__Htext84                                    text84       000000
__Htext85                                    text85       000000
__Htext86                                    text86       000000
__Htext87                                    text87       000000
__Htext88                                    text88       000000
__Htext89                                    text89       000000
__Htext9                                     text9        000000
__Htext90                                    text90       000000
__Htext91                                    text91       000000
__Htext92                                    text92       000000
__Htext93                                    text93       000000
__Htext94                                    text94       000000
__Htext95                                    text95       000000
__Htext97                                    text97       000000
__Htext98                                    text98       000000
__Htext99                                    text99       000000
__LRAM                                       (abs)        000001
__Labs1                                      abs1         000000
__Lbank0                                     bank0        000000
__Lbank1                                     bank1        000000
__Lbank10                                    bank10       000000
__Lbank11                                    bank11       000000
__Lbank12                                    bank12       000000
__Lbank13                                    bank13       000000
__Lbank14                                    bank14       000000
__Lbank15                                    bank15       000000
__Lbank2                                     bank2        000000
__Lbank3                                     bank3        000000
__Lbank4                                     bank4        000000
__Lbank5                                     bank5        000000
__Lbank6                                     bank6        000000
__Lbank7                                     bank7        000000
__Lbank8                                     bank8        000000
__Lbank9                                     bank9        000000
__Lbigbss                                    bigbss       000000
__Lbigdata                                   bigdata      000000
__Lbigram                                    bigram       000000
__Lbss                                       bss          000000
__LbssBANK0                                  bssBANK0     000000
__LbssCOMRAM                                 bssCOMRAM    000000
__Lcinit                                     cinit        000000
__Lclrtext                                   clrtext      000000
__Lcomram                                    comram       000000
__Lconfig                                    config       300000
__Lconst                                     const        000000
__LcstackBANK0                               cstackBANK0  000000
__LcstackCOMRAM                              cstackCOMRAM 000000
__Ldata                                      data         000000
__LdataBANK0                                 dataBANK0    000000
__LdataBANK1                                 dataBANK1    000000
__LdataCOMRAM                                dataCOMRAM   000000
__Leeprom_data                               eeprom_data  000000
__Lend_init                                  end_init     000018
__Lfarbss                                    farbss       000000
__Lfardata                                   fardata      000000
__Libigdata                                  ibigdata     000000
__Lidata                                     idata        000000
__LidataBANK0                                idataBANK0   000000
__LidataBANK1                                idataBANK1   000000
__LidataCOMRAM                               idataCOMRAM  000000
__Lidloc                                     idloc        200000
__Lifardata                                  ifardata     000000
__Linit                                      init         000018
__Lintcode                                   intcode      000008
__Lintcode_body                              intcode_body 000000
__Lintcodelo                                 intcodelo    000018
__Lintentry                                  intentry     000000
__Lintret                                    intret       000000
__Lintsave_regs                              intsave_regs 000000
__Lirdata                                    irdata       000000
__Lmediumconst                               mediumconst  00FC30
__LnvFARRAM                                  nvFARRAM     000000
__Lnvbit                                     nvbit        000000
__Lnvrram                                    nvrram       000000
__Lparam                                     rparam       000000
__Lpowerup                                   powerup      000018
__Lram                                       ram          000000
__Lramtop                                    ramtop       001000
__Lrbit                                      rbit         000000
__Lrbss                                      rbss         000000
__Lrdata                                     rdata        000000
__Lreset_vec                                 reset_vec    000000
__Lrparam                                    rparam       000000
__Lsfr                                       sfr          000000
__Lsmallconst                                smallconst   000000
__Lspace_0                                   (abs)        000000
__Lspace_1                                   (abs)        000000
__Lspace_2                                   (abs)        000000
__Lstack                                     stack        000000
__Lstruct                                    struct       000000
__Ltemp                                      temp         000000
__Ltext                                      text         000000
__Ltext0                                     text0        000000
__Ltext1                                     text1        000000
__Ltext10                                    text10       000000
__Ltext100                                   text100      000000
__Ltext11                                    text11       000000
__Ltext12                                    text12       000000
__Ltext13                                    text13       000000
__Ltext14                                    text14       000000
__Ltext15                                    text15       000000
__Ltext16                                    text16       000000
__Ltext17                                    text17       000000
__Ltext18                                    text18       000000
__Ltext19                                    text19       000000
__Ltext2                                     text2        000000
__Ltext20                                    text20       000000
__Ltext21                                    text21       000000
__Ltext22                                    text22       000000
__Ltext23                                    text23       000000
__Ltext24                                    text24       000000
__Ltext25                                    text25       000000
__Ltext26                                    text26       000000
__Ltext27                                    text27       000000
__Ltext28                                    text28       000000
__Ltext29                                    text29       000000
__Ltext3                                     text3        000000
__Ltext30                                    text30       000000
__Ltext31                                    text31       000000
__Ltext32                                    text32       000000
__Ltext33                                    text33       000000
__Ltext34                                    text34       000000
__Ltext35                                    text35       000000
__Ltext36                                    text36       000000
__Ltext37                                    text37       000000
__Ltext38                                    text38       000000
__Ltext39                                    text39       000000
__Ltext4                                     text4        000000
__Ltext40                                    text40       000000
__Ltext41                                    text41       000000
__Ltext42                                    text42       000000
__Ltext43                                    text43       000000
__Ltext44                                    text44       000000
__Ltext45                                    text45       000000
__Ltext46                                    text46       000000
__Ltext47                                    text47       000000
__Ltext48                                    text48       000000
__Ltext49                                    text49       000000
__Ltext5                                     text5        000000
__Ltext50                                    text50       000000
__Ltext51                                    text51       000000
__Ltext52                                    text52       000000
__Ltext53                                    text53       000000
__Ltext54                                    text54       000000
__Ltext55                                    text55       000000
__Ltext56                                    text56       000000
__Ltext57                                    text57       000000
__Ltext58                                    text58       000000
__Ltext59                                    text59       000000
__Ltext6                                     text6        000000
__Ltext60                                    text60       000000
__Ltext61                                    text61       000000
__Ltext62                                    text62       000000
__Ltext63                                    text63       000000
__Ltext64                                    text64       000000
__Ltext65                                    text65       000000
__Ltext66                                    text66       000000
__Ltext67                                    text67       000000
__Ltext68                                    text68       000000
__Ltext69                                    text69       000000
__Ltext7                                     text7        000000
__Ltext70                                    text70       000000
__Ltext71                                    text71       000000
__Ltext72                                    text72       000000
__Ltext73                                    text73       000000
__Ltext74                                    text74       000000
__Ltext75                                    text75       000000
__Ltext76                                    text76       000000
__Ltext77                                    text77       000000
__Ltext78                                    text78       000000
__Ltext79                                    text79       000000
__Ltext8                                     text8        000000
__Ltext80                                    text80       000000
__Ltext81                                    text81       000000
__Ltext82                                    text82       000000
__Ltext83                                    text83       000000
__Ltext84                                    text84       000000
__Ltext85                                    text85       000000
__Ltext86                                    text86       000000
__Ltext87                                    text87       000000
__Ltext88                                    text88       000000
__Ltext89                                    text89       000000
__Ltext9                                     text9        000000
__Ltext90                                    text90       000000
__Ltext91                                    text91       000000
__Ltext92                                    text92       000000
__Ltext93                                    text93       000000
__Ltext94                                    text94       000000
__Ltext95                                    text95       000000
__Ltext97                                    text97       000000
__Ltext98                                    text98       000000
__Ltext99                                    text99       000000
__S0                                         (abs)        30000E
__S1                                         (abs)        00011F
__S2                                         (abs)        000000
___awdiv                                     text72       002958
___awdiv@counter                             cstackCOMRAM 000029
___awdiv@dividend                            cstackCOMRAM 000025
___awdiv@divisor                             cstackCOMRAM 000027
___awdiv@quotient                            cstackCOMRAM 00002B
___awdiv@sign                                cstackCOMRAM 00002A
___awmod                                     text71       002B90
___awmod@counter                             cstackCOMRAM 000023
___awmod@dividend                            cstackCOMRAM 00001F
___awmod@divisor                             cstackCOMRAM 000021
___awmod@sign                                cstackCOMRAM 000024
___awtoft                                    text7        003386
___awtoft@c                                  cstackCOMRAM 000018
___awtoft@sign                               cstackCOMRAM 00001B
___ftdiv                                     text25       0020DA
___ftdiv@cntr                                cstackCOMRAM 000034
___ftdiv@exp                                 cstackCOMRAM 000038
___ftdiv@f1                                  cstackCOMRAM 00002B
___ftdiv@f2                                  cstackCOMRAM 00002E
___ftdiv@f3                                  cstackCOMRAM 000035
___ftdiv@sign                                cstackCOMRAM 000039
___ftge                                      text8        002448
___ftge@ff1                                  cstackBANK0  0000E3
___ftge@ff2                                  cstackBANK0  0000E6
___ftmul                                     text24       001C38
___ftmul@cntr                                cstackCOMRAM 000029
___ftmul@exp                                 cstackCOMRAM 000025
___ftmul@f1                                  cstackCOMRAM 00001C
___ftmul@f2                                  cstackCOMRAM 00001F
___ftmul@f3_as_product                       cstackCOMRAM 000026
___ftmul@sign                                cstackCOMRAM 00002A
___ftpack                                    text26       0025E4
___ftpack@arg                                cstackCOMRAM 000010
___ftpack@exp                                cstackCOMRAM 000013
___ftpack@sign                               cstackCOMRAM 000014
___fttol                                     text23       001FF4
___fttol@exp1                                cstackCOMRAM 00001E
___fttol@f1                                  cstackCOMRAM 000010
___fttol@lval                                cstackCOMRAM 00001A
___fttol@sign1                               cstackCOMRAM 000019
___inthi_sp                                  stack        000000
___intlo_sp                                  stack        000000
___lbtoft                                    text22       0035C6
___lbtoft@c                                  cstackCOMRAM 00001B
___lwdiv                                     text42       002F08
___lwdiv@counter                             cstackCOMRAM 000016
___lwdiv@dividend                            cstackCOMRAM 000010
___lwdiv@divisor                             cstackCOMRAM 000012
___lwdiv@quotient                            cstackCOMRAM 000014
___lwmod                                     text41       003158
___lwmod@counter                             cstackCOMRAM 00001B
___lwmod@dividend                            cstackCOMRAM 000017
___lwmod@divisor                             cstackCOMRAM 000019
___param_bank                                (abs)        000010
___rparam_used                               (abs)        000001
___sp                                        stack        000000
___wmul                                      text68       003578
___wmul@multiplicand                         cstackCOMRAM 000012
___wmul@multiplier                           cstackCOMRAM 000010
___wmul@product                              cstackCOMRAM 000014
__accesstop                                  (abs)        000080
__activetblptr                               (abs)        000002
__end_of_Activate_Buzzer                     text17       0037EE
__end_of_DS1621_Init                         text86       0036D0
__end_of_DS1621_Read_Temp                    text28       0033FE
__end_of_DS3231_Init                         text14       002824
__end_of_DS3231_Read_Alarm_Time              text74       0031F0
__end_of_DS3231_Read_Time                    text73       002EA6
__end_of_DS3231_Turn_Off_Alarm               text13       003066
__end_of_DS3231_Turn_On_Alarm                text12       0030B8
__end_of_DS3231_Write_Alarm_Time             text69       002D02
__end_of_DS3231_Write_Time                   text33       002B08
__end_of_Deactivate_Buzzer                   text11       0038B0
__end_of_Do_Init                             text79       003284
__end_of_Do_Setup                            text29       003630
__end_of_Get_Temp                            text27       001FF4
__end_of_I2C_Init                            text85       00389E
__end_of_I2C_ReStart                         text78       003788
__end_of_I2C_Read                            text75       0032CC
__end_of_I2C_Start                           text91       003836
__end_of_I2C_Stop                            text90       003824
__end_of_I2C_Write                           text89       003386
__end_of_I2C_Write_Address_Read_One_Byte     text16       003466
__end_of_I2C_Write_Address_Write_One_Byte    text15       003672
__end_of_I2C_Write_Cmd_Only                  text88       003724
__end_of_I2C_Write_Cmd_Write_Data            text87       003692
__end_of_INT0_ISR                            text100      003772
__end_of_INT1_ISR                            text99       003758
__end_of_INT2_ISR                            text98       00373E
__end_of_Init_ADC                            text84       003872
__end_of_Init_IO                             text83       0037B4
__end_of_Init_Interrupt                      text82       00379E
__end_of_Initialize_Screen                   text47       000A6E
__end_of_Initialize_Setup_Alarm_Time_Screen  text46       001F0C
__end_of_Initialize_Setup_Fan_Screen         text36       002448
__end_of_Initialize_Setup_Time_Screen        text32       0018FC
__end_of_LCD_Reset                           text66       003800
__end_of_Main_Screen                         text1        00229C
__end_of_Monitor_Fan                         text18       003526
__end_of_OpenUSART                           text81       002D72
__end_of_Rcmd1                               text62       001C38
__end_of_Rcmd2red                            text61       003348
__end_of_Rcmd3                               text60       001E22
__end_of_Set_RGB_Color                       text10       002DDE
__end_of_Setup_Alarm_Time                    text37       001330
__end_of_Setup_Temp_Fan                      text34       0028C2
__end_of_Setup_Time                          text30       000FB8
__end_of_T0_ISR                              text97       0036EE
__end_of_TFT_GreenTab_Initialize             text59       003550
__end_of_Test_Alarm                          text4        001B28
__end_of_Turn_Off_Fan                        text3        00360E
__end_of_Turn_On_Fan                         text2        00387E
__end_of_Update_Screen                       text9        00067E
__end_of_Update_Setup_Alarm_Time_Screen      text45       0025E4
__end_of_Update_Setup_Fan_Screen             text35       002958
__end_of_Update_Setup_Screen_Cursor          text44       001178
__end_of_Update_Setup_Time_Screen            text31       00167A
__end_of___awdiv                             text72       0029EE
__end_of___awmod                             text71       002C12
__end_of___awtoft                            text7        0033C2
__end_of___ftdiv                             text25       0021BC
__end_of___ftge                              text8        002516
__end_of___ftmul                             text24       001D30
__end_of___ftpack                            text26       0026AA
__end_of___fttol                             text23       0020DA
__end_of___lbtoft                            text22       0035EC
__end_of___lwdiv                             text42       002F64
__end_of___lwmod                             text41       0031A4
__end_of___wmul                              text68       0035A0
__end_of__initialization                     cinit        002C82
__end_of_bcd_2_dec                           text43       0034C8
__end_of_chkisr                              intcode_body 002A7E
__end_of_dec_2_bcd                           text70       002FBC
__end_of_delay_ms                            text67       00310A
__end_of_do_update_pwm                       text21       00276C
__end_of_dpowers                             mediumconst  00FE16
__end_of_drawChar                            text53       0017D0
__end_of_drawCircle                          text56       0014DE
__end_of_drawFastVLine                       text55       002B90
__end_of_drawPixel                           text57       0034F8
__end_of_drawtext                            text51       001A14
__end_of_fillRect                            text54       00323A
__end_of_fillRectangle                       text50       002378
__end_of_fillScreen                          text49       00370A
__end_of_font                                mediumconst  00FD30
__end_of_font2                               mediumconst  00FE0C
__end_of_get_RPM                             text20       003578
__end_of_get_duty_cycle                      text19       003012
__end_of_get_full_ADC                        text6        0035C6
__end_of_hexpowers                           mediumconst  00FE1E
__end_of_i2cAck                              text77       003812
__end_of_i2cHighScl                          text95       00388A
__end_of_i2cHighSda                          text94       0038C0
__end_of_i2cLowScl                           text93       0038B8
__end_of_i2cLowSda                           text92       0038A8
__end_of_i2cNack                             text76       003894
__end_of_init_UART                           text80       0037DC
__end_of_isdigit                             text40       003652
__end_of_main                                text0        003434
__end_of_printf                              text38       000DC8
__end_of_putch                               text39       003864
__end_of_read_volt                           text5        002E42
__end_of_setAddrWindow                       text58       003158
__end_of_spiwrite                            text65       0037C8
__end_of_strcpy                              text48       003498
__end_of_strlen                              text52       00330A
__end_of_write_command                       text64       003856
__end_of_write_data                          text63       003846
__initialization                             cinit        002C12
__mediumconst                                mediumconst  00FC30
__pbssBANK0                                  bssBANK0     0000F0
__pbssCOMRAM                                 bssCOMRAM    00003E
__pcinit                                     cinit        002C12
__pcstackBANK0                               cstackBANK0  0000E1
__pcstackCOMRAM                              cstackCOMRAM 000001
__pdataBANK0                                 dataBANK0    000080
__pdataBANK1                                 dataBANK1    000100
__pdataCOMRAM                                dataCOMRAM   00006F
__pidataBANK0                                idataBANK0   002EA6
__pidataBANK1                                idataBANK1   003692
__pidataCOMRAM                               idataCOMRAM  0038C0
__pintcode                                   intcode      000008
__pintcode_body                              intcode_body 0029EE
__pmediumconst                               mediumconst  00FC30
__ptext0                                     text0        0033FE
__ptext1                                     text1        0021BC
__ptext10                                    text10       002D72
__ptext100                                   text100      003758
__ptext11                                    text11       0038A8
__ptext12                                    text12       003066
__ptext13                                    text13       003012
__ptext14                                    text14       00276C
__ptext15                                    text15       003652
__ptext16                                    text16       003434
__ptext17                                    text17       0037DC
__ptext18                                    text18       0034F8
__ptext19                                    text19       002FBC
__ptext2                                     text2        003872
__ptext20                                    text20       003550
__ptext21                                    text21       0026AA
__ptext22                                    text22       0035C6
__ptext23                                    text23       001FF4
__ptext24                                    text24       001C38
__ptext25                                    text25       0020DA
__ptext26                                    text26       0025E4
__ptext27                                    text27       001F0C
__ptext28                                    text28       0033C2
__ptext29                                    text29       00360E
__ptext3                                     text3        0035EC
__ptext30                                    text30       000DC8
__ptext31                                    text31       0014DE
__ptext32                                    text32       0017D0
__ptext33                                    text33       002A7E
__ptext34                                    text34       002824
__ptext35                                    text35       0028C2
__ptext36                                    text36       002378
__ptext37                                    text37       001178
__ptext38                                    text38       000A6E
__ptext39                                    text39       003856
__ptext4                                     text4        001A14
__ptext40                                    text40       003630
__ptext41                                    text41       003158
__ptext42                                    text42       002F08
__ptext43                                    text43       003498
__ptext44                                    text44       000FB8
__ptext45                                    text45       002516
__ptext46                                    text46       001E22
__ptext47                                    text47       00067E
__ptext48                                    text48       003466
__ptext49                                    text49       0036EE
__ptext5                                     text5        002DDE
__ptext50                                    text50       00229C
[...]
Total ram usage:        0 bytes
 Hardware stack levels used:    1
 Hardware stack levels required when called:    2
 This function calls:
		Nothing
 This function is called by:
		_I2C_Write
		_i2cAck
		_I2C_Start
		_I2C_ReStart
		_I2C_Stop
 This function uses a non-reentrant model


 *************** function _i2cLowScl *****************
 Defined at:
		line 111 in file "I2C_Soft.c"
 Parameters:    Size  Location     Type
		None
 Auto vars:     Size  Location     Type
		None
 Return value:  Size  Location     Type
		None               void
 Registers used:
		None
 Tracked objects:
		On entry : 
		On exit  : 
		Unchanged: 
 Data sizes:     COMRAM   BANK0   BANK1   BANK2   BANK3   BANK4   BANK5   BANK6   BANK7   BANK8   BANK9  BANK10  BANK11  BANK12  BANK13  BANK14  BANK15
      Params:         0       0       0       0       0       0       0       0       0       0       0       0       0       0       0       0       0
      Locals:         0       0       0       0       0       0       0       0       0       0       0       0       0       0       0       0       0
      Temps:          0       0       0       0       0       0       0       0       0       0       0       0       0       0       0       0       0
      Totals:         0       0       0       0       0       0       0       0       0       0       0       0       0       0       0       0       0
Total ram usage:        0 bytes
 Hardware stack levels used:    1
 Hardware stack levels required when called:    2
 This function calls:
		Nothing
 This function is called by:
		_I2C_Read
		_I2C_Write
		_i2cNack
		_i2cAck
		_I2C_Start
		_I2C_ReStart
		_I2C_Stop
 This function uses a non-reentrant model


 *************** function _i2cHighSda *****************
 Defined at:
		line 92 in file "I2C_Soft.c"
 Parameters:    Size  Location     Type
		None
 Auto vars:     Size  Location     Type
		None
 Return value:  Size  Location     Type
		None               void
 Registers used:
		None
 Tracked objects:
		On entry : 
		On exit  : 
		Unchanged: 
 Data sizes:     COMRAM   BANK0   BANK1   BANK2   BANK3   BANK4   BANK5   BANK6   BANK7   BANK8   BANK9  BANK10  BANK11  BANK12  BANK13  BANK14  BANK15
      Params:         0       0       0       0       0       0       0       0       0       0       0       0       0       0       0       0       0
      Locals:         0       0       0       0       0       0       0       0       0       0       0       0       0       0       0       0       0
      Temps:          0       0       0       0       0       0       0       0       0       0       0       0       0       0       0       0       0
      Totals:         0       0       0       0       0       0       0       0       0       0       0       0       0       0       0       0       0
Total ram usage:        0 bytes
 Hardware stack levels used:    1
 Hardware stack levels required when called:    2
 This function calls:
		Nothing
 This function is called by:
		_I2C_Init
		_I2C_Read
		_I2C_Write
		_i2cAck
		_I2C_Start
		_I2C_ReStart
		_I2C_Stop
 This function uses a non-reentrant model


 *************** function _i2cHighScl *****************
 Defined at:
		line 105 in file "I2C_Soft.c"
 Parameters:    Size  Location     Type
		None
 Auto vars:     Size  Location     Type
		None
 Return value:  Size  Location     Type
		None               void
 Registers used:
		wreg
 Tracked objects:
		On entry : 
		On exit  : 
		Unchanged: 
 Data sizes:     COMRAM   BANK0   BANK1   BANK2   BANK3   BANK4   BANK5   BANK6   BANK7   BANK8   BANK9  BANK10  BANK11  BANK12  BANK13  BANK14  BANK15
      Params:         0       0       0       0       0       0       0       0       0       0       0       0       0       0       0       0       0
      Locals:         0       0       0       0       0       0       0       0       0       0       0       0       0       0       0       0       0
      Temps:          0       0       0       0       0       0       0       0       0       0       0       0       0       0       0       0       0
      Totals:         0       0       0       0       0       0       0       0       0       0       0       0       0       0       0       0       0
Total ram usage:        0 bytes
 Hardware stack levels used:    1
 Hardware stack levels required when called:    2
 This function calls:
		Nothing
 This function is called by:
		_I2C_Init
		_I2C_Read
		_I2C_Write
		_i2cNack
		_i2cAck
		_I2C_Start
		_I2C_ReStart
		_I2C_Stop
 This function uses a non-reentrant model


 *************** function _chkisr *****************
 Defined at:
		line 22 in file "Interrupt.c"
 Parameters:    Size  Location     Type
		None
 Auto vars:     Size  Location     Type
		None
 Return value:  Size  Location     Type
		None               void
 Registers used:
		wreg, status,2, cstack
 Tracked objects:
		On entry : 
		On exit  : 
		Unchanged: 
 Data sizes:     COMRAM   BANK0   BANK1   BANK2   BANK3   BANK4   BANK5   BANK6   BANK7   BANK8   BANK9  BANK10  BANK11  BANK12  BANK13  BANK14  BANK15
      Params:         0       0       0       0       0       0       0       0       0       0       0       0       0       0       0       0       0
      Locals:         0       0       0       0       0       0       0       0       0       0       0       0       0       0       0       0       0
      Temps:         14       0       0       0       0       0       0       0       0       0       0       0       0       0       0       0       0
      Totals:        14       0       0       0       0       0       0       0       0       0       0       0       0       0       0       0       0
Total ram usage:       14 bytes
 Hardware stack levels used:    1
 Hardware stack levels required when called:    1
 This function calls:
		_INT0_ISR
		_INT1_ISR
		_INT2_ISR
		_T0_ISR
 This function is called by:
		Interrupt level 2
 This function uses a non-reentrant model


 *************** function _T0_ISR *****************
 Defined at:
		line 51 in file "Interrupt.c"
 Parameters:    Size  Location     Type
		None
 Auto vars:     Size  Location     Type
		None
 Return value:  Size  Location     Type
		None               void
 Registers used:
		wreg, status,2
 Tracked objects:
		On entry : 
		On exit  : 
		Unchanged: 
 Data sizes:     COMRAM   BANK0   BANK1   BANK2   BANK3   BANK4   BANK5   BANK6   BANK7   BANK8   BANK9  BANK10  BANK11  BANK12  BANK13  BANK14  BANK15
      Params:         0       0       0       0       0       0       0       0       0       0       0       0       0       0       0       0       0
      Locals:         0       0       0       0       0       0       0       0       0       0       0       0       0       0       0       0       0
      Temps:          0       0       0       0       0       0       0       0       0       0       0       0       0       0       0       0       0
      Totals:         0       0       0       0       0       0       0       0       0       0       0       0       0       0       0       0       0
Total ram usage:        0 bytes
 Hardware stack levels used:    1
 This function calls:
		Nothing
 This function is called by:
		_chkisr
 This function uses a non-reentrant model


 *************** function _INT2_ISR *****************
 Defined at:
		line 44 in file "Interrupt.c"
 Parameters:    Size  Location     Type
		None
 Auto vars:     Size  Location     Type
		None
 Return value:  Size  Location     Type
		None               void
 Registers used:
		wreg, status,2
 Tracked objects:
		On entry : 
		On exit  : 
		Unchanged: 
 Data sizes:     COMRAM   BANK0   BANK1   BANK2   BANK3   BANK4   BANK5   BANK6   BANK7   BANK8   BANK9  BANK10  BANK11  BANK12  BANK13  BANK14  BANK15
      Params:         0       0       0       0       0       0       0       0       0       0       0       0       0       0       0       0       0
      Locals:         0       0       0       0       0       0       0       0       0       0       0       0       0       0       0       0       0
      Temps:          1       0       0       0       0       0       0       0       0       0       0       0       0       0       0       0       0
      Totals:         1       0       0       0       0       0       0       0       0       0       0       0       0       0       0       0       0
Total ram usage:        1 bytes
 Hardware stack levels used:    1
 This function calls:
		Nothing
 This function is called by:
		_chkisr
 This function uses a non-reentrant model


 *************** function _INT1_ISR *****************
 Defined at:
		line 37 in file "Interrupt.c"
 Parameters:    Size  Location     Type
		None
 Auto vars:     Size  Location     Type
		None
 Return value:  Size  Location     Type
		None               void
 Registers used:
		wreg, status,2
 Tracked objects:
		On entry : 
		On exit  : 
		Unchanged: 
 Data sizes:     COMRAM   BANK0   BANK1   BANK2   BANK3   BANK4   BANK5   BANK6   BANK7   BANK8   BANK9  BANK10  BANK11  BANK12  BANK13  BANK14  BANK15
      Params:         0       0       0       0       0       0       0       0       0       0       0       0       0       0       0       0       0
      Locals:         0       0       0       0       0       0       0       0       0       0       0       0       0       0       0       0       0
      Temps:          1       0       0       0       0       0       0       0       0       0       0       0       0       0       0       0       0
      Totals:         1       0       0       0       0       0       0       0       0       0       0       0       0       0       0       0       0
Total ram usage:        1 bytes
 Hardware stack levels used:    1
 This function calls:
		Nothing
 This function is called by:
		_chkisr
 This function uses a non-reentrant model


 *************** function _INT0_ISR *****************
 Defined at:
		line 30 in file "Interrupt.c"
 Parameters:    Size  Location     Type
		None
 Auto vars:     Size  Location     Type
		None
 Return value:  Size  Location     Type
		None               void
 Registers used:
		wreg, status,2
 Tracked objects:
		On entry : 
		On exit  : 
		Unchanged: 
 Data sizes:     COMRAM   BANK0   BANK1   BANK2   BANK3   BANK4   BANK5   BANK6   BANK7   BANK8   BANK9  BANK10  BANK11  BANK12  BANK13  BANK14  BANK15
      Params:         0       0       0       0       0       0       0       0       0       0       0       0       0       0       0       0       0
      Locals:         0       0       0       0       0       0       0       0       0       0       0       0       0       0       0       0       0
      Temps:          1       0       0       0       0       0       0       0       0       0       0       0       0       0       0       0       0
      Totals:         1       0       0       0       0       0       0       0       0       0       0       0       0       0       0       0       0
Total ram usage:        1 bytes
 Hardware stack levels used:    1
 This function calls:
		Nothing
 This function is called by:
		_chkisr
 This function uses a non-reentrant model



MODULE INFORMATION

Module		Function		Class		Link	Load	Size
I2C_Soft.c
		_I2C_Write_Addr		CODE           	3434	0000	51
		_i2cLowSda     		CODE           	389E	0000	11
		_i2cLowScl     		CODE           	38B0	0000	9
		_I2C_Write_Cmd_		CODE           	370A	0000	27
		_I2C_Write     		CODE           	3348	0000	63
		_I2C_Write_Cmd_		CODE           	3672	0000	33
		_I2C_Stop      		CODE           	3812	0000	19
		_I2C_Read      		CODE           	3284	0000	73
		_i2cNack       		CODE           	388A	0000	11
		_I2C_Init      		CODE           	3894	0000	11
		_i2cHighSda    		CODE           	38B8	0000	9
		_i2cHighScl    		CODE           	387E	0000	13
		_I2C_Start     		CODE           	3824	0000	19
		_i2cAck        		CODE           	3800	0000	19
		_I2C_Write_Addr		CODE           	3652	0000	33
		_I2C_ReStart   		CODE           	3772	0000	23

I2C_Soft.c estimated size: 424

C:\Program Files (x86)\Microchip\xc8\v1.34\sources\common\ftge.c
		___ftge        		CODE           	2448	0000	207

C:\Program Files (x86)\Microchip\xc8\v1.34\sources\common\ftge.c estimated size: 207

C:\Program Files (x86)\Microchip\xc8\v1.34\sources\common\float.c
		___ftpack      		CODE           	25E4	0000	199

C:\Program Files (x86)\Microchip\xc8\v1.34\sources\common\float.c estimated size: 199

C:\Program Files (x86)\Microchip\xc8\v1.34\sources\pic18\plib\USART\uopen.c
		_OpenUSART     		CODE           	2D02	0000	113

C:\Program Files (x86)\Microchip\xc8\v1.34\sources\pic18\plib\USART\uopen.c estimated size: 113

Setup_Fan_Temp.c
		_Setup_Temp_Fan		CODE           	2824	0000	159
		_Update_Setup_F		CODE           	28C2	0000	151
		_Initialize_Set		CODE           	2378	0000	209

Setup_Fan_Temp.c estimated size: 519

C:\Program Files (x86)\Microchip\xc8\v1.34\sources\common\lwmod.c
		___lwmod       		CODE           	3158	0000	77

C:\Program Files (x86)\Microchip\xc8\v1.34\sources\common\lwmod.c estimated size: 77

C:\Program Files (x86)\Microchip\xc8\v1.34\sources\common\awmod.c
		___awmod       		CODE           	2B90	0000	131

C:\Program Files (x86)\Microchip\xc8\v1.34\sources\common\awmod.c estimated size: 131

I2C_Support.c
		_DS3231_Write_A		CODE           	2C8C	0000	119
		_DS3231_Init   		CODE           	276C	0000	185
		_DS3231_Read_Ti		CODE           	2E42	0000	101
		_DS1621_Init   		CODE           	36B2	0000	31
		_DS3231_Write_T		CODE           	2A7E	0000	139
		_DS1621_Read_Te		CODE           	33C2	0000	61
		_dec_2_bcd     		CODE           	2F64	0000	89
		_DS3231_Turn_On		CODE           	3066	0000	83
		_DS3231_Read_Al		CODE           	31A4	0000	77
		_bcd_2_dec     		CODE           	3498	0000	49
		_DS3231_Turn_Of		CODE           	3012	0000	85

I2C_Support.c estimated size: 1019

C:\Program Files (x86)\Microchip\xc8\v1.34\sources\common\awtoft.c
		___awtoft      		CODE           	3386	0000	61

C:\Program Files (x86)\Microchip\xc8\v1.34\sources\common\awtoft.c estimated size: 61

C:\Program Files (x86)\Microchip\xc8\v1.34\sources\common\lbtoft.c
		___lbtoft      		CODE           	35C6	0000	39

C:\Program Files (x86)\Microchip\xc8\v1.34\sources\common\lbtoft.c estimated size: 39

TFT_ST7735.c
		_drawChar      		CODE           	167A	0000	343
		_drawCircle    		CODE           	1330	0000	431
		_fillScreen    		CODE           	36EE	0000	29
		_Rcmd3         		CODE           	1D30	0000	243
		_write_data    		CODE           	3836	0000	17
		_setAddrWindow 		CODE           	310A	0000	79
		_drawtext      		CODE           	18FC	0000	281
		_fillRect      		CODE           	31F0	0000	75
		_LCD_Reset     		CODE           	37EE	0000	19
		_drawPixel     		CODE           	34C8	0000	49
		_fillRectangle 		CODE           	229C	0000	221
		_write_command 		CODE           	3846	0000	17
		_drawFastVLine 		CODE           	2B08	0000	137
		_Rcmd2red      		CODE           	330A	0000	63
		_TFT_GreenTab_I		CODE           	3526	0000	43
		_delay_ms      		CODE           	30B8	0000	83
		_Rcmd1         		CODE           	1B28	0000	273
		_spiwrite      		CODE           	37B4	0000	21

TFT_ST7735.c estimated size: 2424

Main_Screen.c
		_Update_Screen 		CODE           	001C	0000	1635
		_Initialize_Scr		CODE           	067E	0000	1009

Main_Screen.c estimated size: 2644

C:\Program Files (x86)\Microchip\xc8\v1.34\sources\common\ftmul.c
		___ftmul       		CODE           	1C38	0000	249

C:\Program Files (x86)\Microchip\xc8\v1.34\sources\common\ftmul.c estimated size: 249

C:\Program Files (x86)\Microchip\xc8\v1.34\sources\common\isdigit.c
		_isdigit       		CODE           	3630	0000	35

C:\Program Files (x86)\Microchip\xc8\v1.34\sources\common\isdigit.c estimated size: 35

Main.c
		_get_duty_cycle		CODE           	2FBC	0000	87
		_Turn_On_Fan   		CODE           	3872	0000	13
		_Test_Alarm    		CODE           	1A14	0000	277
		_get_RPM       		CODE           	3550	0000	41
		_putch         		CODE           	3856	0000	15
		_Do_Setup      		CODE           	360E	0000	35
		_Init_ADC      		CODE           	3864	0000	15
		_do_update_pwm 		CODE           	26AA	0000	195
		_main          		CODE           	33FE	0000	55
		_Deactivate_Buz		CODE           	38A8	0000	9
		_Get_Temp      		CODE           	1F0C	0000	233
		_init_UART     		CODE           	37C8	0000	21
		_Set_RGB_Color 		CODE           	2D72	0000	109
		_Do_Init       		CODE           	323A	0000	75
		_Init_IO       		CODE           	379E	0000	23
		_read_volt     		CODE           	2DDE	0000	101
		_Turn_Off_Fan  		CODE           	35EC	0000	35
		_Monitor_Fan   		CODE           	34F8	0000	47
		_get_full_ADC  		CODE           	35A0	0000	39
		_Activate_Buzze		CODE           	37DC	0000	19
		_Main_Screen   		CODE           	21BC	0000	225

Main.c estimated size: 1669

C:\Program Files (x86)\Microchip\xc8\v1.34\sources\common\strlen.c
		_strlen        		CODE           	32CC	0000	63

C:\Program Files (x86)\Microchip\xc8\v1.34\sources\common\strlen.c estimated size: 63

C:\Program Files (x86)\Microchip\xc8\v1.34\sources\common\ftdiv.c
		___ftdiv       		CODE           	20DA	0000	227

C:\Program Files (x86)\Microchip\xc8\v1.34\sources\common\ftdiv.c estimated size: 227

shared
		_font          		MEDIUMCONST    	FC31	0000	256
		_dpowers       		MEDIUMCONST    	FE0C	0000	11
		__initializatio		CODE           	2C12	0000	113
		_hexpowers     		MEDIUMCONST    	FE16	0000	9
		_font2         		MEDIUMCONST    	FD30	0000	221

shared estimated size: 610

Interrupt.c
		_Init_Interrupt		CODE           	3788	0000	23
		_INT0_ISR      		CODE           	3758	0000	27
		_T0_ISR        		CODE           	36D0	0000	31
		_INT1_ISR      		CODE           	373E	0000	27
		_chkisr        		CODE           	0008	0000	161
		_INT2_ISR      		CODE           	3724	0000	27

Interrupt.c estimated size: 296

Setup_Alarm_Time.c
		_Initialize_Set		CODE           	1E22	0000	235
		_Update_Setup_A		CODE           	2516	0000	207
		_Setup_Alarm_Ti		CODE           	1178	0000	441

Setup_Alarm_Time.c estimated size: 883

C:\Program Files (x86)\Microchip\xc8\v1.34\sources\common\strcpy.c
		_strcpy        		CODE           	3466	0000	51

C:\Program Files (x86)\Microchip\xc8\v1.34\sources\common\strcpy.c estimated size: 51

C:\Program Files (x86)\Microchip\xc8\v1.34\sources\common\lwdiv.c
		___lwdiv       		CODE           	2F08	0000	93

C:\Program Files (x86)\Microchip\xc8\v1.34\sources\common\lwdiv.c estimated size: 93

C:\Program Files (x86)\Microchip\xc8\v1.34\sources\common\awdiv.c
		___awdiv       		CODE           	2958	0000	151

C:\Program Files (x86)\Microchip\xc8\v1.34\sources\common\awdiv.c estimated size: 151

C:\Program Files (x86)\Microchip\xc8\v1.34\sources\common\doprnt.c
		_printf        		CODE           	0A6E	0000	859

C:\Program Files (x86)\Microchip\xc8\v1.34\sources\common\doprnt.c estimated size: 859

C:\Program Files (x86)\Microchip\xc8\v1.34\sources\common\fttol.c
		___fttol       		CODE           	1FF4	0000	231

C:\Program Files (x86)\Microchip\xc8\v1.34\sources\common\fttol.c estimated size: 231

C:\Program Files (x86)\Microchip\xc8\v1.34\sources\common\Umul16.c
		___wmul        		CODE           	3578	0000	41

C:\Program Files (x86)\Microchip\xc8\v1.34\sources\common\Umul16.c estimated size: 41

Setup_Time.c
		_Update_Setup_T		CODE           	14DE	0000	413
		_Initialize_Set		CODE           	17D0	0000	301
		_Update_Setup_S		CODE           	0FB8	0000	449
		_Setup_Time    		CODE           	0DC8	0000	497

Setup_Time.c estimated size: 1660

